// Jest Snapshot v1, https://goo.gl/fbAQLP

exports[`SubscriptionInventoryPage renders correctly 1`] = `
<div>
  <section
    class="pf-l-page-header pf-c-page-header pf-l-page__main-section pf-c-page__main-section pf-m-light"
    widget-type="InsightsPageHeader"
  >
    <h1
      class="pf-c-title pf-m-2xl"
      data-ouia-component-id="OUIA-Generated-Title-1"
      data-ouia-component-type="PF4/Title"
      data-ouia-safe="true"
      widget-type="InsightsPageHeaderTitle"
    >
       
      Subscription Inventory
       
    </h1>
  </section>
  <section
    class="pf-l-page__main-section pf-c-page__main-section"
    page-type=""
  >
    <section
      class="pf-c-page__main-section pf-m-light"
    >
      <h2
        class="pf-c-title pf-m-xl"
        data-ouia-component-id="OUIA-Generated-Title-2"
        data-ouia-component-type="PF4/Title"
        data-ouia-safe="true"
      >
        All subscriptions for account 
        8675309
      </h2>
      <div>
        Products Table
      </div>
    </section>
  </section>
</div>
`;

exports[`SubscriptionInventoryPage when the products are loading renders the loading component 1`] = `
<div>
  <section
    class="pf-l-page-header pf-c-page-header pf-l-page__main-section pf-c-page__main-section pf-m-light"
    widget-type="InsightsPageHeader"
  >
    <h1
      class="pf-c-title pf-m-2xl"
      data-ouia-component-id="OUIA-Generated-Title-4"
      data-ouia-component-type="PF4/Title"
      data-ouia-safe="true"
      widget-type="InsightsPageHeaderTitle"
    >
       
      Subscription Inventory
       
    </h1>
  </section>
  <section
    class="pf-l-page__main-section pf-c-page__main-section"
    page-type=""
  >
    <section
      class="pf-c-page__main-section pf-m-light"
    >
      <h2
        class="pf-c-title pf-m-xl"
        data-ouia-component-id="OUIA-Generated-Title-5"
        data-ouia-component-type="PF4/Title"
        data-ouia-safe="true"
      >
        All subscriptions for account 
        8675309
      </h2>
      <div
        class="pf-l-bullseye"
      >
        <span
          aria-valuetext="Loading..."
          class="pf-c-spinner pf-m-xl"
          role="progressbar"
        >
          <span
            class="pf-c-spinner__clipper"
          />
          <span
            class="pf-c-spinner__lead-ball"
          />
          <span
            class="pf-c-spinner__tail-ball"
          />
        </span>
      </div>
    </section>
  </section>
</div>
`;

exports[`SubscriptionInventoryPage when the products call fails renders the error page 1`] = `
<div>
  <section
    class="pf-l-page-header pf-c-page-header pf-l-page__main-section pf-c-page__main-section pf-m-light"
    widget-type="InsightsPageHeader"
  >
    <h1
      class="pf-c-title pf-m-2xl"
      data-ouia-component-id="OUIA-Generated-Title-1"
      data-ouia-component-type="PF4/Title"
      data-ouia-safe="true"
      widget-type="InsightsPageHeaderTitle"
    >
       
      Subscription Inventory
       
    </h1>
  </section>
  <section
    class="pf-l-page__main-section pf-c-page__main-section"
    page-type=""
  >
    <section
      class="pf-c-page__main-section pf-m-light"
    >
      <h2
        class="pf-c-title pf-m-xl"
        data-ouia-component-id="OUIA-Generated-Title-2"
        data-ouia-component-type="PF4/Title"
        data-ouia-safe="true"
      >
        All subscriptions for account 
        8675309
      </h2>
      <div
        class="pf-c-empty-state pf-m-lg ins-c-empty-state__unavailable pf-m-redhat-font"
      >
        <div
          class="pf-c-empty-state__content"
        >
          <svg
            aria-hidden="true"
            class="pf-c-empty-state__icon"
            fill="currentColor"
            height="1em"
            role="img"
            style="vertical-align: -0.125em;"
            viewBox="0 0 512 512"
            width="1em"
          >
            <path
              d="M504 256c0 136.997-111.043 248-248 248S8 392.997 8 256C8 119.083 119.043 8 256 8s248 111.083 248 248zm-248 50c-25.405 0-46 20.595-46 46s20.595 46 46 46 46-20.595 46-46-20.595-46-46-46zm-43.673-165.346l7.418 136c.347 6.364 5.609 11.346 11.982 11.346h48.546c6.373 0 11.635-4.982 11.982-11.346l7.418-136c.375-6.874-5.098-12.654-11.982-12.654h-63.383c-6.884 0-12.356 5.78-11.981 12.654z"
            />
          </svg>
          <h5
            class="pf-c-title pf-m-lg"
            data-ouia-component-id="OUIA-Generated-Title-3"
            data-ouia-component-type="PF4/Title"
            data-ouia-safe="true"
          >
            This page is temporarily unavailable
          </h5>
          <div
            class="pf-c-empty-state__body"
          >
            Try refreshing the page. If the problem persists, contact your organization administrator or visit our
            <a
              href="https://status.redhat.com/"
              rel="noopener noreferrer"
              target="_blank"
            >
               status page
            </a>
             for known outages.
          </div>
        </div>
      </div>
    </section>
  </section>
</div>
`;

exports[`SubscriptionInventoryPage when the user call fails renders an error message when user call fails 1`] = `
<div>
  <div
    class="pf-c-empty-state pf-m-lg ins-c-empty-state__unavailable pf-m-redhat-font"
  >
    <div
      class="pf-c-empty-state__content"
    >
      <svg
        aria-hidden="true"
        class="pf-c-empty-state__icon"
        fill="currentColor"
        height="1em"
        role="img"
        style="vertical-align: -0.125em;"
        viewBox="0 0 512 512"
        width="1em"
      >
        <path
          d="M504 256c0 136.997-111.043 248-248 248S8 392.997 8 256C8 119.083 119.043 8 256 8s248 111.083 248 248zm-248 50c-25.405 0-46 20.595-46 46s20.595 46 46 46 46-20.595 46-46-20.595-46-46-46zm-43.673-165.346l7.418 136c.347 6.364 5.609 11.346 11.982 11.346h48.546c6.373 0 11.635-4.982 11.982-11.346l7.418-136c.375-6.874-5.098-12.654-11.982-12.654h-63.383c-6.884 0-12.356 5.78-11.981 12.654z"
        />
      </svg>
      <h5
        class="pf-c-title pf-m-lg"
        data-ouia-component-id="OUIA-Generated-Title-3"
        data-ouia-component-type="PF4/Title"
        data-ouia-safe="true"
      >
        This page is temporarily unavailable
      </h5>
      <div
        class="pf-c-empty-state__body"
      >
        Try refreshing the page. If the problem persists, contact your organization administrator or visit our
        <a
          href="https://status.redhat.com/"
          rel="noopener noreferrer"
          target="_blank"
        >
           status page
        </a>
         for known outages.
      </div>
    </div>
  </div>
</div>
`;

exports[`SubscriptionInventoryPage when the user does not have proper permissions redirects to not authorized page 1`] = `<div />`;
