// Jest Snapshot v1, https://goo.gl/fbAQLP

exports[`PurchaseModal renders a button 1`] = `
<body>
  <div>
    <button
      aria-disabled="false"
      class="pf-c-button pf-m-primary"
      data-ouia-component-id="OUIA-Generated-Button-primary-1"
      data-ouia-component-type="PF4/Button"
      data-ouia-safe="true"
      type="button"
    >
      Purchase subscriptions
    </button>
  </div>
  <div />
</body>
`;

exports[`PurchaseModal renders a modal when the button is pressed 1`] = `
<body
  class="pf-c-backdrop__open"
>
  <div
    aria-hidden="true"
  >
    <button
      aria-disabled="false"
      class="pf-c-button pf-m-primary"
      data-ouia-component-id="OUIA-Generated-Button-primary-2"
      data-ouia-component-type="PF4/Button"
      data-ouia-safe="true"
      type="button"
    >
      Purchase subscriptions
    </button>
  </div>
  <div>
    <div
      class="pf-c-backdrop"
    >
      <div
        class="pf-l-bullseye"
      >
        <div
          aria-describedby="pf-modal-part-3"
          aria-labelledby="pf-modal-part-2"
          aria-modal="true"
          class="pf-c-modal-box pf-m-md"
          data-ouia-component-id="OUIA-Generated-Modal-medium-2"
          data-ouia-component-type="PF4/ModalContent"
          data-ouia-safe="true"
          id="pf-modal-part-1"
          role="dialog"
        >
          <button
            aria-disabled="false"
            aria-label="Close"
            class="pf-c-button pf-m-plain"
            data-ouia-component-id="OUIA-Generated-Button-plain-1"
            data-ouia-component-type="PF4/Button"
            data-ouia-safe="true"
            type="button"
          >
            <svg
              aria-hidden="true"
              fill="currentColor"
              height="1em"
              role="img"
              style="vertical-align: -0.125em;"
              viewBox="0 0 352 512"
              width="1em"
            >
              <path
                d="M242.72 256l100.07-100.07c12.28-12.28 12.28-32.19 0-44.48l-22.24-22.24c-12.28-12.28-32.19-12.28-44.48 0L176 189.28 75.93 89.21c-12.28-12.28-32.19-12.28-44.48 0L9.21 111.45c-12.28 12.28-12.28 32.19 0 44.48L109.28 256 9.21 356.07c-12.28 12.28-12.28 32.19 0 44.48l22.24 22.24c12.28 12.28 32.2 12.28 44.48 0L176 322.72l100.07 100.07c12.28 12.28 32.2 12.28 44.48 0l22.24-22.24c12.28-12.28 12.28-32.19 0-44.48L242.72 256z"
              />
            </svg>
          </button>
          <header
            class="pf-c-modal-box__header"
          >
            <h1
              class="pf-c-modal-box__title"
              id="pf-modal-part-2"
            >
              
              <span
                class="pf-c-modal-box__title-text"
              >
                Purchase Subscriptions
              </span>
            </h1>
          </header>
          <div
            class="pf-c-modal-box__body"
            id="pf-modal-part-3"
          >
            <div
              class="pf-l-grid pf-m-gutter"
            >
              <div
                class="pf-l-grid__item pf-m-12-col"
              >
                <div
                  class="pf-l-flex pf-m-space-items-xs pf-m-grow pf-m-align-items-flex-start"
                >
                  <div
                    class=""
                    style="height: 30px;"
                  >
                    <img
                      src="Online Icon"
                      style="height: 30px;"
                    />
                  </div>
                  <div
                    class=""
                  >
                    <h2
                      class="pf-c-title pf-m-lg"
                      data-ouia-component-id="OUIA-Generated-Title-1"
                      data-ouia-component-type="PF4/Title"
                      data-ouia-safe="true"
                    >
                      Online
                    </h2>
                  </div>
                </div>
              </div>
              <div
                class="pf-l-grid__item pf-m-6-col"
              >
                <article
                  class="pf-c-card pf-m-full-height"
                  data-ouia-component-id="OUIA-Generated-Card-1"
                  data-ouia-component-type="PF4/Card"
                  data-ouia-safe="true"
                  id=""
                >
                  <div
                    class="pf-c-card__title"
                  >
                    Red Hat Marketplace
                  </div>
                  <div
                    class="pf-c-card__body"
                  >
                    A simpler way to buy and manage enterprise software, with automated deployment to any cloud.
                  </div>
                  <div
                    class="pf-c-card__footer"
                  >
                    <a
                      aria-disabled="false"
                      class="pf-c-button pf-m-primary"
                      data-ouia-component-id="OUIA-Generated-Button-primary-3"
                      data-ouia-component-type="PF4/Button"
                      data-ouia-safe="true"
                      href="https://marketplace.redhat.com"
                      target="_blank"
                    >
                      Go to the Marketplace
                      <span
                        class="pf-c-button__icon pf-m-end"
                      >
                        <svg
                          aria-hidden="true"
                          fill="currentColor"
                          height="1em"
                          role="img"
                          style="vertical-align: -0.125em;"
                          viewBox="0 0 512 512"
                          width="1em"
                        >
                          <path
                            d="M432,320H400a16,16,0,0,0-16,16V448H64V128H208a16,16,0,0,0,16-16V80a16,16,0,0,0-16-16H48A48,48,0,0,0,0,112V464a48,48,0,0,0,48,48H400a48,48,0,0,0,48-48V336A16,16,0,0,0,432,320ZM488,0h-128c-21.37,0-32.05,25.91-17,41l35.73,35.73L135,320.37a24,24,0,0,0,0,34L157.67,377a24,24,0,0,0,34,0L435.28,133.32,471,169c15,15,41,4.5,41-17V24A24,24,0,0,0,488,0Z"
                          />
                        </svg>
                      </span>
                    </a>
                  </div>
                </article>
              </div>
              <div
                class="pf-l-grid__item pf-m-6-col"
              >
                <article
                  class="pf-c-card pf-m-full-height"
                  data-ouia-component-id="OUIA-Generated-Card-2"
                  data-ouia-component-type="PF4/Card"
                  data-ouia-safe="true"
                  id=""
                >
                  <div
                    class="pf-c-card__title"
                  >
                    Red Hat Store
                  </div>
                  <div
                    class="pf-c-card__body"
                  >
                    Easily configure and buy Red Hat Enterprise Linux in our online store.
                  </div>
                  <div
                    class="pf-c-card__footer"
                  >
                    <a
                      aria-disabled="false"
                      class="pf-c-button pf-m-primary"
                      data-ouia-component-id="OUIA-Generated-Button-primary-4"
                      data-ouia-component-type="PF4/Button"
                      data-ouia-safe="true"
                      href="https://www.redhat.com/store"
                      target="_blank"
                    >
                      Go to the Red Hat Store
                      <span
                        class="pf-c-button__icon pf-m-end"
                      >
                        <svg
                          aria-hidden="true"
                          fill="currentColor"
                          height="1em"
                          role="img"
                          style="vertical-align: -0.125em;"
                          viewBox="0 0 512 512"
                          width="1em"
                        >
                          <path
                            d="M432,320H400a16,16,0,0,0-16,16V448H64V128H208a16,16,0,0,0,16-16V80a16,16,0,0,0-16-16H48A48,48,0,0,0,0,112V464a48,48,0,0,0,48,48H400a48,48,0,0,0,48-48V336A16,16,0,0,0,432,320ZM488,0h-128c-21.37,0-32.05,25.91-17,41l35.73,35.73L135,320.37a24,24,0,0,0,0,34L157.67,377a24,24,0,0,0,34,0L435.28,133.32,471,169c15,15,41,4.5,41-17V24A24,24,0,0,0,488,0Z"
                          />
                        </svg>
                      </span>
                    </a>
                  </div>
                </article>
              </div>
              <div
                class="pf-l-grid__item pf-m-6-col"
              >
                <div
                  class="pf-l-flex pf-m-space-items-xs pf-m-grow pf-m-align-items-flex-start"
                >
                  <div
                    class=""
                    style="height: 30px;"
                  >
                    <img
                      src="Sales Icon"
                      style="height: 30px;"
                    />
                  </div>
                  <div
                    class=""
                  >
                    <h2
                      class="pf-c-title pf-m-lg"
                      data-ouia-component-id="OUIA-Generated-Title-2"
                      data-ouia-component-type="PF4/Title"
                      data-ouia-safe="true"
                    >
                      Sales
                    </h2>
                  </div>
                </div>
              </div>
              <div
                class="pf-l-grid__item pf-m-6-col"
              >
                <div
                  class="pf-l-flex pf-m-space-items-xs pf-m-grow pf-m-align-items-flex-start"
                >
                  <div
                    class=""
                    style="height: 30px;"
                  >
                    <img
                      src="Partners Icon"
                      style="height: 30px;"
                    />
                  </div>
                  <div
                    class=""
                  >
                    <h2
                      class="pf-c-title pf-m-lg"
                      data-ouia-component-id="OUIA-Generated-Title-3"
                      data-ouia-component-type="PF4/Title"
                      data-ouia-safe="true"
                    >
                      Partners
                    </h2>
                  </div>
                </div>
              </div>
              <div
                class="pf-l-grid__item pf-m-6-col"
              >
                <article
                  class="pf-c-card pf-m-full-height"
                  data-ouia-component-id="OUIA-Generated-Card-3"
                  data-ouia-component-type="PF4/Card"
                  data-ouia-safe="true"
                  id=""
                >
                  <div
                    class="pf-c-card__title"
                  >
                    From a Red Hatter
                  </div>
                  <div
                    class="pf-c-card__body"
                  >
                    Get expert help configuring Red Hat Enterprise Linux to suit your needs.
                  </div>
                  <div
                    class="pf-c-card__footer"
                  >
                    <a
                      aria-disabled="false"
                      class="pf-c-button pf-m-primary"
                      data-ouia-component-id="OUIA-Generated-Button-primary-5"
                      data-ouia-component-type="PF4/Button"
                      data-ouia-safe="true"
                      href="https://access.redhat.com/support/contact/sales"
                      target="_blank"
                    >
                      Contact Sales
                      <span
                        class="pf-c-button__icon pf-m-end"
                      >
                        <svg
                          aria-hidden="true"
                          fill="currentColor"
                          height="1em"
                          role="img"
                          style="vertical-align: -0.125em;"
                          viewBox="0 0 512 512"
                          width="1em"
                        >
                          <path
                            d="M432,320H400a16,16,0,0,0-16,16V448H64V128H208a16,16,0,0,0,16-16V80a16,16,0,0,0-16-16H48A48,48,0,0,0,0,112V464a48,48,0,0,0,48,48H400a48,48,0,0,0,48-48V336A16,16,0,0,0,432,320ZM488,0h-128c-21.37,0-32.05,25.91-17,41l35.73,35.73L135,320.37a24,24,0,0,0,0,34L157.67,377a24,24,0,0,0,34,0L435.28,133.32,471,169c15,15,41,4.5,41-17V24A24,24,0,0,0,488,0Z"
                          />
                        </svg>
                      </span>
                    </a>
                  </div>
                </article>
              </div>
              <div
                class="pf-l-grid__item pf-m-6-col"
              >
                <article
                  class="pf-c-card pf-m-full-height"
                  data-ouia-component-id="OUIA-Generated-Card-4"
                  data-ouia-component-type="PF4/Card"
                  data-ouia-safe="true"
                  id=""
                >
                  <div
                    class="pf-c-card__title"
                  >
                    Through our partners
                  </div>
                  <div
                    class="pf-c-card__body"
                  >
                    Find and work with an authorized Red Hat partner
                  </div>
                  <div
                    class="pf-c-card__footer"
                  >
                    <a
                      aria-disabled="false"
                      class="pf-c-button pf-m-primary"
                      data-ouia-component-id="OUIA-Generated-Button-primary-6"
                      data-ouia-component-type="PF4/Button"
                      data-ouia-safe="true"
                      href="https://redhat.secure.force.com/finder"
                      target="_blank"
                    >
                      Search for partners
                      <span
                        class="pf-c-button__icon pf-m-end"
                      >
                        <svg
                          aria-hidden="true"
                          fill="currentColor"
                          height="1em"
                          role="img"
                          style="vertical-align: -0.125em;"
                          viewBox="0 0 512 512"
                          width="1em"
                        >
                          <path
                            d="M432,320H400a16,16,0,0,0-16,16V448H64V128H208a16,16,0,0,0,16-16V80a16,16,0,0,0-16-16H48A48,48,0,0,0,0,112V464a48,48,0,0,0,48,48H400a48,48,0,0,0,48-48V336A16,16,0,0,0,432,320ZM488,0h-128c-21.37,0-32.05,25.91-17,41l35.73,35.73L135,320.37a24,24,0,0,0,0,34L157.67,377a24,24,0,0,0,34,0L435.28,133.32,471,169c15,15,41,4.5,41-17V24A24,24,0,0,0,488,0Z"
                          />
                        </svg>
                      </span>
                    </a>
                  </div>
                </article>
              </div>
              <div
                class="pf-l-grid__item pf-m-6-col"
              >
                <div
                  class="pf-l-flex pf-m-space-items-xs pf-m-grow pf-m-align-items-flex-start"
                >
                  <div
                    class=""
                    style="height: 30px;"
                  >
                    <img
                      src="Training Icon"
                      style="height: 30px;"
                    />
                  </div>
                  <div
                    class=""
                  >
                    <h2
                      class="pf-c-title pf-m-lg"
                      data-ouia-component-id="OUIA-Generated-Title-4"
                      data-ouia-component-type="PF4/Title"
                      data-ouia-safe="true"
                    >
                      Training
                    </h2>
                  </div>
                </div>
              </div>
              <div
                class="pf-l-grid__item pf-m-6-col"
              >
                <div
                  class="pf-l-flex pf-m-space-items-xs pf-m-grow pf-m-align-items-flex-start"
                >
                  <div
                    class=""
                    style="height: 30px;"
                  >
                    <img
                      src="Try Icon"
                      style="height: 30px;"
                    />
                  </div>
                  <div
                    class=""
                  >
                    <h2
                      class="pf-c-title pf-m-lg"
                      data-ouia-component-id="OUIA-Generated-Title-5"
                      data-ouia-component-type="PF4/Title"
                      data-ouia-safe="true"
                    >
                      Try
                    </h2>
                  </div>
                </div>
              </div>
              <div
                class="pf-l-grid__item pf-m-6-col"
              >
                <article
                  class="pf-c-card pf-m-full-height"
                  data-ouia-component-id="OUIA-Generated-Card-5"
                  data-ouia-component-type="PF4/Card"
                  data-ouia-safe="true"
                  id=""
                >
                  <div
                    class="pf-c-card__title"
                  >
                    Red Hat Learning Subscription
                  </div>
                  <div
                    class="pf-c-card__body"
                  >
                    Get access to more than 1,000 instructor-led recordings, training courses, and up to 400 hours of hands-on labs - which can all be completed online at your own pace.
                  </div>
                  <div
                    class="pf-c-card__footer"
                  >
                    <a
                      aria-disabled="false"
                      class="pf-c-button pf-m-primary"
                      data-ouia-component-id="OUIA-Generated-Button-primary-7"
                      data-ouia-component-type="PF4/Button"
                      data-ouia-safe="true"
                      href="https://www.redhat.com/training/learning-subscription"
                      target="_blank"
                    >
                      Learn more
                      <span
                        class="pf-c-button__icon pf-m-end"
                      >
                        <svg
                          aria-hidden="true"
                          fill="currentColor"
                          height="1em"
                          role="img"
                          style="vertical-align: -0.125em;"
                          viewBox="0 0 512 512"
                          width="1em"
                        >
                          <path
                            d="M432,320H400a16,16,0,0,0-16,16V448H64V128H208a16,16,0,0,0,16-16V80a16,16,0,0,0-16-16H48A48,48,0,0,0,0,112V464a48,48,0,0,0,48,48H400a48,48,0,0,0,48-48V336A16,16,0,0,0,432,320ZM488,0h-128c-21.37,0-32.05,25.91-17,41l35.73,35.73L135,320.37a24,24,0,0,0,0,34L157.67,377a24,24,0,0,0,34,0L435.28,133.32,471,169c15,15,41,4.5,41-17V24A24,24,0,0,0,488,0Z"
                          />
                        </svg>
                      </span>
                    </a>
                  </div>
                </article>
              </div>
              <div
                class="pf-l-grid__item pf-m-6-col"
              >
                <article
                  class="pf-c-card pf-m-full-height"
                  data-ouia-component-id="OUIA-Generated-Card-6"
                  data-ouia-component-type="PF4/Card"
                  data-ouia-safe="true"
                  id=""
                >
                  <div
                    class="pf-c-card__title"
                  >
                    Red Hat product trial center
                  </div>
                  <div
                    class="pf-c-card__body"
                  >
                    Our no-cost trials help you gain hands-on experience, prepare for a certification, or assess if a product is right for your organization.
                  </div>
                  <div
                    class="pf-c-card__footer"
                  >
                    <a
                      aria-disabled="false"
                      class="pf-c-button pf-m-primary"
                      data-ouia-component-id="OUIA-Generated-Button-primary-8"
                      data-ouia-component-type="PF4/Button"
                      data-ouia-safe="true"
                      href="https://www.redhat.com/en/products/trials"
                      target="_blank"
                    >
                      Go to product trial center
                      <span
                        class="pf-c-button__icon pf-m-end"
                      >
                        <svg
                          aria-hidden="true"
                          fill="currentColor"
                          height="1em"
                          role="img"
                          style="vertical-align: -0.125em;"
                          viewBox="0 0 512 512"
                          width="1em"
                        >
                          <path
                            d="M432,320H400a16,16,0,0,0-16,16V448H64V128H208a16,16,0,0,0,16-16V80a16,16,0,0,0-16-16H48A48,48,0,0,0,0,112V464a48,48,0,0,0,48,48H400a48,48,0,0,0,48-48V336A16,16,0,0,0,432,320ZM488,0h-128c-21.37,0-32.05,25.91-17,41l35.73,35.73L135,320.37a24,24,0,0,0,0,34L157.67,377a24,24,0,0,0,34,0L435.28,133.32,471,169c15,15,41,4.5,41-17V24A24,24,0,0,0,488,0Z"
                          />
                        </svg>
                      </span>
                    </a>
                  </div>
                </article>
              </div>
            </div>
          </div>
        </div>
      </div>
    </div>
  </div>
</body>
`;
